#-----------------------------------------------------------
# Vivado v2024.1 (64-bit)
# SW Build 5076996 on Wed May 22 18:37:14 MDT 2024
# IP Build 5075265 on Wed May 22 21:45:21 MDT 2024
# SharedData Build 5076995 on Wed May 22 18:29:18 MDT 2024
# Start of session at: Thu Dec 18 09:45:44 2025
# Process ID: 16320
# Current directory: C:/Trabajo_SED/Trabajo_SED.runs/synth_1
# Command line: vivado.exe -log Top.vds -product Vivado -mode batch -messageDb vivado.pb -notrace -source Top.tcl
# Log file: C:/Trabajo_SED/Trabajo_SED.runs/synth_1/Top.vds
# Journal file: C:/Trabajo_SED/Trabajo_SED.runs/synth_1\vivado.jou
# Running On        :LAPTOP-4M3FRHUI
# Platform          :Windows Server 2016 or Windows 10
# Operating System  :22631
# Processor Detail  :Intel(R) Core(TM) i7-1065G7 CPU @ 1.30GHz
# CPU Frequency     :1498 MHz
# CPU Physical cores:4
# CPU Logical cores :8
# Host memory       :16829 MB
# Swap memory       :2550 MB
# Total Virtual     :19379 MB
# Available Virtual :12215 MB
#-----------------------------------------------------------
source Top.tcl -notrace
